// Jest Snapshot v1, https://goo.gl/fbAQLP

exports[`renders correctly 1`] = `
<div>
  <div>
    <canvas
      height={150}
      role="img"
      width={300}
    />
  </div>
  <div>
    <canvas
      height={150}
      role="img"
      width={300}
    />
  </div>
  <div>
    <canvas
      height={150}
      role="img"
      width={300}
    />
  </div>
</div>
`;
